[2026-01-02T20:06:11.149+0900] {processor.py:157} INFO - Started process (PID=174) to work on /opt/airflow/dags/first_dag.py
[2026-01-02T20:06:11.150+0900] {processor.py:829} INFO - Processing file /opt/airflow/dags/first_dag.py for tasks to queue
[2026-01-02T20:06:11.150+0900] {logging_mixin.py:151} INFO - [2026-01-02T20:06:11.150+0900] {dagbag.py:539} INFO - Filling up the DagBag from /opt/airflow/dags/first_dag.py
[2026-01-02T20:06:11.158+0900] {logging_mixin.py:151} INFO - [2026-01-02T20:06:11.155+0900] {dagbag.py:347} ERROR - Failed to import: /opt/airflow/dags/first_dag.py
Traceback (most recent call last):
  File "/home/airflow/.local/lib/python3.11/site-packages/airflow/models/dagbag.py", line 343, in parse
    loader.exec_module(new_module)
  File "<frozen importlib._bootstrap_external>", line 940, in exec_module
  File "<frozen importlib._bootstrap>", line 241, in _call_with_frames_removed
  File "/opt/airflow/dags/first_dag.py", line 10, in <module>
    with DAG (
         ^^^^^
  File "/home/airflow/.local/lib/python3.11/site-packages/airflow/models/dag.py", line 477, in __init__
    validate_key(dag_id)
  File "/home/airflow/.local/lib/python3.11/site-packages/airflow/utils/helpers.py", line 57, in validate_key
    raise AirflowException(
airflow.exceptions.AirflowException: The key 'first DAG' has to be made of alphanumeric characters, dashes, dots and underscores exclusively
[2026-01-02T20:06:11.158+0900] {processor.py:841} WARNING - No viable dags retrieved from /opt/airflow/dags/first_dag.py
[2026-01-02T20:06:11.172+0900] {processor.py:179} INFO - Processing /opt/airflow/dags/first_dag.py took 0.026 seconds
[2026-01-02T20:06:41.376+0900] {processor.py:157} INFO - Started process (PID=179) to work on /opt/airflow/dags/first_dag.py
[2026-01-02T20:06:41.377+0900] {processor.py:829} INFO - Processing file /opt/airflow/dags/first_dag.py for tasks to queue
[2026-01-02T20:06:41.377+0900] {logging_mixin.py:151} INFO - [2026-01-02T20:06:41.377+0900] {dagbag.py:539} INFO - Filling up the DagBag from /opt/airflow/dags/first_dag.py
[2026-01-02T20:06:41.383+0900] {logging_mixin.py:151} INFO - [2026-01-02T20:06:41.382+0900] {dagbag.py:347} ERROR - Failed to import: /opt/airflow/dags/first_dag.py
Traceback (most recent call last):
  File "/home/airflow/.local/lib/python3.11/site-packages/airflow/models/dagbag.py", line 343, in parse
    loader.exec_module(new_module)
  File "<frozen importlib._bootstrap_external>", line 940, in exec_module
  File "<frozen importlib._bootstrap>", line 241, in _call_with_frames_removed
  File "/opt/airflow/dags/first_dag.py", line 10, in <module>
    with DAG (
         ^^^^^
  File "/home/airflow/.local/lib/python3.11/site-packages/airflow/models/dag.py", line 477, in __init__
    validate_key(dag_id)
  File "/home/airflow/.local/lib/python3.11/site-packages/airflow/utils/helpers.py", line 57, in validate_key
    raise AirflowException(
airflow.exceptions.AirflowException: The key 'first DAG' has to be made of alphanumeric characters, dashes, dots and underscores exclusively
[2026-01-02T20:06:41.383+0900] {processor.py:841} WARNING - No viable dags retrieved from /opt/airflow/dags/first_dag.py
[2026-01-02T20:06:41.396+0900] {processor.py:179} INFO - Processing /opt/airflow/dags/first_dag.py took 0.022 seconds
[2026-01-02T20:07:11.655+0900] {processor.py:157} INFO - Started process (PID=184) to work on /opt/airflow/dags/first_dag.py
[2026-01-02T20:07:11.655+0900] {processor.py:829} INFO - Processing file /opt/airflow/dags/first_dag.py for tasks to queue
[2026-01-02T20:07:11.656+0900] {logging_mixin.py:151} INFO - [2026-01-02T20:07:11.656+0900] {dagbag.py:539} INFO - Filling up the DagBag from /opt/airflow/dags/first_dag.py
[2026-01-02T20:07:11.663+0900] {logging_mixin.py:151} INFO - [2026-01-02T20:07:11.661+0900] {dagbag.py:347} ERROR - Failed to import: /opt/airflow/dags/first_dag.py
Traceback (most recent call last):
  File "/home/airflow/.local/lib/python3.11/site-packages/airflow/models/dagbag.py", line 343, in parse
    loader.exec_module(new_module)
  File "<frozen importlib._bootstrap_external>", line 940, in exec_module
  File "<frozen importlib._bootstrap>", line 241, in _call_with_frames_removed
  File "/opt/airflow/dags/first_dag.py", line 10, in <module>
    with DAG (
         ^^^^^
  File "/home/airflow/.local/lib/python3.11/site-packages/airflow/models/dag.py", line 477, in __init__
    validate_key(dag_id)
  File "/home/airflow/.local/lib/python3.11/site-packages/airflow/utils/helpers.py", line 57, in validate_key
    raise AirflowException(
airflow.exceptions.AirflowException: The key 'first DAG' has to be made of alphanumeric characters, dashes, dots and underscores exclusively
[2026-01-02T20:07:11.663+0900] {processor.py:841} WARNING - No viable dags retrieved from /opt/airflow/dags/first_dag.py
[2026-01-02T20:07:11.680+0900] {processor.py:179} INFO - Processing /opt/airflow/dags/first_dag.py took 0.029 seconds
[2026-01-02T20:07:41.946+0900] {processor.py:157} INFO - Started process (PID=189) to work on /opt/airflow/dags/first_dag.py
[2026-01-02T20:07:41.947+0900] {processor.py:829} INFO - Processing file /opt/airflow/dags/first_dag.py for tasks to queue
[2026-01-02T20:07:41.949+0900] {logging_mixin.py:151} INFO - [2026-01-02T20:07:41.948+0900] {dagbag.py:539} INFO - Filling up the DagBag from /opt/airflow/dags/first_dag.py
[2026-01-02T20:07:41.955+0900] {logging_mixin.py:151} INFO - [2026-01-02T20:07:41.954+0900] {dagbag.py:347} ERROR - Failed to import: /opt/airflow/dags/first_dag.py
Traceback (most recent call last):
  File "/home/airflow/.local/lib/python3.11/site-packages/airflow/models/dagbag.py", line 343, in parse
    loader.exec_module(new_module)
  File "<frozen importlib._bootstrap_external>", line 940, in exec_module
  File "<frozen importlib._bootstrap>", line 241, in _call_with_frames_removed
  File "/opt/airflow/dags/first_dag.py", line 10, in <module>
    with DAG (
         ^^^^^
  File "/home/airflow/.local/lib/python3.11/site-packages/airflow/models/dag.py", line 477, in __init__
    validate_key(dag_id)
  File "/home/airflow/.local/lib/python3.11/site-packages/airflow/utils/helpers.py", line 57, in validate_key
    raise AirflowException(
airflow.exceptions.AirflowException: The key 'first DAG' has to be made of alphanumeric characters, dashes, dots and underscores exclusively
[2026-01-02T20:07:41.956+0900] {processor.py:841} WARNING - No viable dags retrieved from /opt/airflow/dags/first_dag.py
[2026-01-02T20:07:41.973+0900] {processor.py:179} INFO - Processing /opt/airflow/dags/first_dag.py took 0.031 seconds
[2026-01-02T20:08:12.331+0900] {processor.py:157} INFO - Started process (PID=194) to work on /opt/airflow/dags/first_dag.py
[2026-01-02T20:08:12.332+0900] {processor.py:829} INFO - Processing file /opt/airflow/dags/first_dag.py for tasks to queue
[2026-01-02T20:08:12.333+0900] {logging_mixin.py:151} INFO - [2026-01-02T20:08:12.333+0900] {dagbag.py:539} INFO - Filling up the DagBag from /opt/airflow/dags/first_dag.py
[2026-01-02T20:08:12.340+0900] {logging_mixin.py:151} INFO - [2026-01-02T20:08:12.339+0900] {dagbag.py:347} ERROR - Failed to import: /opt/airflow/dags/first_dag.py
Traceback (most recent call last):
  File "/home/airflow/.local/lib/python3.11/site-packages/airflow/models/dagbag.py", line 343, in parse
    loader.exec_module(new_module)
  File "<frozen importlib._bootstrap_external>", line 940, in exec_module
  File "<frozen importlib._bootstrap>", line 241, in _call_with_frames_removed
  File "/opt/airflow/dags/first_dag.py", line 10, in <module>
    with DAG (
         ^^^^^
  File "/home/airflow/.local/lib/python3.11/site-packages/airflow/models/dag.py", line 477, in __init__
    validate_key(dag_id)
  File "/home/airflow/.local/lib/python3.11/site-packages/airflow/utils/helpers.py", line 57, in validate_key
    raise AirflowException(
airflow.exceptions.AirflowException: The key 'first DAG' has to be made of alphanumeric characters, dashes, dots and underscores exclusively
[2026-01-02T20:08:12.341+0900] {processor.py:841} WARNING - No viable dags retrieved from /opt/airflow/dags/first_dag.py
[2026-01-02T20:08:12.360+0900] {processor.py:179} INFO - Processing /opt/airflow/dags/first_dag.py took 0.033 seconds
[2026-01-02T20:08:42.589+0900] {processor.py:157} INFO - Started process (PID=199) to work on /opt/airflow/dags/first_dag.py
[2026-01-02T20:08:42.590+0900] {processor.py:829} INFO - Processing file /opt/airflow/dags/first_dag.py for tasks to queue
[2026-01-02T20:08:42.591+0900] {logging_mixin.py:151} INFO - [2026-01-02T20:08:42.590+0900] {dagbag.py:539} INFO - Filling up the DagBag from /opt/airflow/dags/first_dag.py
[2026-01-02T20:08:42.597+0900] {logging_mixin.py:151} INFO - [2026-01-02T20:08:42.595+0900] {dagbag.py:347} ERROR - Failed to import: /opt/airflow/dags/first_dag.py
Traceback (most recent call last):
  File "/home/airflow/.local/lib/python3.11/site-packages/airflow/models/dagbag.py", line 343, in parse
    loader.exec_module(new_module)
  File "<frozen importlib._bootstrap_external>", line 940, in exec_module
  File "<frozen importlib._bootstrap>", line 241, in _call_with_frames_removed
  File "/opt/airflow/dags/first_dag.py", line 10, in <module>
    with DAG (
         ^^^^^
  File "/home/airflow/.local/lib/python3.11/site-packages/airflow/models/dag.py", line 477, in __init__
    validate_key(dag_id)
  File "/home/airflow/.local/lib/python3.11/site-packages/airflow/utils/helpers.py", line 57, in validate_key
    raise AirflowException(
airflow.exceptions.AirflowException: The key 'first DAG' has to be made of alphanumeric characters, dashes, dots and underscores exclusively
[2026-01-02T20:08:42.597+0900] {processor.py:841} WARNING - No viable dags retrieved from /opt/airflow/dags/first_dag.py
[2026-01-02T20:08:42.613+0900] {processor.py:179} INFO - Processing /opt/airflow/dags/first_dag.py took 0.026 seconds
[2026-01-02T20:09:12.882+0900] {processor.py:157} INFO - Started process (PID=210) to work on /opt/airflow/dags/first_dag.py
[2026-01-02T20:09:12.883+0900] {processor.py:829} INFO - Processing file /opt/airflow/dags/first_dag.py for tasks to queue
[2026-01-02T20:09:12.884+0900] {logging_mixin.py:151} INFO - [2026-01-02T20:09:12.883+0900] {dagbag.py:539} INFO - Filling up the DagBag from /opt/airflow/dags/first_dag.py
[2026-01-02T20:09:12.889+0900] {logging_mixin.py:151} INFO - [2026-01-02T20:09:12.888+0900] {dagbag.py:347} ERROR - Failed to import: /opt/airflow/dags/first_dag.py
Traceback (most recent call last):
  File "/home/airflow/.local/lib/python3.11/site-packages/airflow/models/dagbag.py", line 343, in parse
    loader.exec_module(new_module)
  File "<frozen importlib._bootstrap_external>", line 940, in exec_module
  File "<frozen importlib._bootstrap>", line 241, in _call_with_frames_removed
  File "/opt/airflow/dags/first_dag.py", line 10, in <module>
    with DAG (
         ^^^^^
  File "/home/airflow/.local/lib/python3.11/site-packages/airflow/models/dag.py", line 477, in __init__
    validate_key(dag_id)
  File "/home/airflow/.local/lib/python3.11/site-packages/airflow/utils/helpers.py", line 57, in validate_key
    raise AirflowException(
airflow.exceptions.AirflowException: The key 'first DAG' has to be made of alphanumeric characters, dashes, dots and underscores exclusively
[2026-01-02T20:09:12.889+0900] {processor.py:841} WARNING - No viable dags retrieved from /opt/airflow/dags/first_dag.py
[2026-01-02T20:09:12.905+0900] {processor.py:179} INFO - Processing /opt/airflow/dags/first_dag.py took 0.028 seconds
[2026-01-02T20:09:43.128+0900] {processor.py:157} INFO - Started process (PID=215) to work on /opt/airflow/dags/first_dag.py
[2026-01-02T20:09:43.129+0900] {processor.py:829} INFO - Processing file /opt/airflow/dags/first_dag.py for tasks to queue
[2026-01-02T20:09:43.130+0900] {logging_mixin.py:151} INFO - [2026-01-02T20:09:43.129+0900] {dagbag.py:539} INFO - Filling up the DagBag from /opt/airflow/dags/first_dag.py
[2026-01-02T20:09:43.135+0900] {logging_mixin.py:151} INFO - [2026-01-02T20:09:43.133+0900] {dagbag.py:347} ERROR - Failed to import: /opt/airflow/dags/first_dag.py
Traceback (most recent call last):
  File "/home/airflow/.local/lib/python3.11/site-packages/airflow/models/dagbag.py", line 343, in parse
    loader.exec_module(new_module)
  File "<frozen importlib._bootstrap_external>", line 940, in exec_module
  File "<frozen importlib._bootstrap>", line 241, in _call_with_frames_removed
  File "/opt/airflow/dags/first_dag.py", line 10, in <module>
    with DAG (
         ^^^^^
  File "/home/airflow/.local/lib/python3.11/site-packages/airflow/models/dag.py", line 477, in __init__
    validate_key(dag_id)
  File "/home/airflow/.local/lib/python3.11/site-packages/airflow/utils/helpers.py", line 57, in validate_key
    raise AirflowException(
airflow.exceptions.AirflowException: The key 'first DAG' has to be made of alphanumeric characters, dashes, dots and underscores exclusively
[2026-01-02T20:09:43.135+0900] {processor.py:841} WARNING - No viable dags retrieved from /opt/airflow/dags/first_dag.py
[2026-01-02T20:09:43.148+0900] {processor.py:179} INFO - Processing /opt/airflow/dags/first_dag.py took 0.022 seconds
[2026-01-02T20:10:13.391+0900] {processor.py:157} INFO - Started process (PID=226) to work on /opt/airflow/dags/first_dag.py
[2026-01-02T20:10:13.392+0900] {processor.py:829} INFO - Processing file /opt/airflow/dags/first_dag.py for tasks to queue
[2026-01-02T20:10:13.394+0900] {logging_mixin.py:151} INFO - [2026-01-02T20:10:13.393+0900] {dagbag.py:539} INFO - Filling up the DagBag from /opt/airflow/dags/first_dag.py
[2026-01-02T20:10:13.401+0900] {logging_mixin.py:151} INFO - [2026-01-02T20:10:13.399+0900] {dagbag.py:347} ERROR - Failed to import: /opt/airflow/dags/first_dag.py
Traceback (most recent call last):
  File "/home/airflow/.local/lib/python3.11/site-packages/airflow/models/dagbag.py", line 343, in parse
    loader.exec_module(new_module)
  File "<frozen importlib._bootstrap_external>", line 940, in exec_module
  File "<frozen importlib._bootstrap>", line 241, in _call_with_frames_removed
  File "/opt/airflow/dags/first_dag.py", line 10, in <module>
    with DAG (
         ^^^^^
  File "/home/airflow/.local/lib/python3.11/site-packages/airflow/models/dag.py", line 477, in __init__
    validate_key(dag_id)
  File "/home/airflow/.local/lib/python3.11/site-packages/airflow/utils/helpers.py", line 57, in validate_key
    raise AirflowException(
airflow.exceptions.AirflowException: The key 'first DAG' has to be made of alphanumeric characters, dashes, dots and underscores exclusively
[2026-01-02T20:10:13.402+0900] {processor.py:841} WARNING - No viable dags retrieved from /opt/airflow/dags/first_dag.py
[2026-01-02T20:10:13.417+0900] {processor.py:179} INFO - Processing /opt/airflow/dags/first_dag.py took 0.030 seconds
[2026-01-02T20:10:43.611+0900] {processor.py:157} INFO - Started process (PID=231) to work on /opt/airflow/dags/first_dag.py
[2026-01-02T20:10:43.612+0900] {processor.py:829} INFO - Processing file /opt/airflow/dags/first_dag.py for tasks to queue
[2026-01-02T20:10:43.612+0900] {logging_mixin.py:151} INFO - [2026-01-02T20:10:43.612+0900] {dagbag.py:539} INFO - Filling up the DagBag from /opt/airflow/dags/first_dag.py
[2026-01-02T20:10:43.618+0900] {logging_mixin.py:151} INFO - [2026-01-02T20:10:43.616+0900] {dagbag.py:347} ERROR - Failed to import: /opt/airflow/dags/first_dag.py
Traceback (most recent call last):
  File "/home/airflow/.local/lib/python3.11/site-packages/airflow/models/dagbag.py", line 343, in parse
    loader.exec_module(new_module)
  File "<frozen importlib._bootstrap_external>", line 940, in exec_module
  File "<frozen importlib._bootstrap>", line 241, in _call_with_frames_removed
  File "/opt/airflow/dags/first_dag.py", line 10, in <module>
    with DAG (
         ^^^^^
  File "/home/airflow/.local/lib/python3.11/site-packages/airflow/models/dag.py", line 477, in __init__
    validate_key(dag_id)
  File "/home/airflow/.local/lib/python3.11/site-packages/airflow/utils/helpers.py", line 57, in validate_key
    raise AirflowException(
airflow.exceptions.AirflowException: The key 'first DAG' has to be made of alphanumeric characters, dashes, dots and underscores exclusively
[2026-01-02T20:10:43.618+0900] {processor.py:841} WARNING - No viable dags retrieved from /opt/airflow/dags/first_dag.py
[2026-01-02T20:10:43.630+0900] {processor.py:179} INFO - Processing /opt/airflow/dags/first_dag.py took 0.023 seconds
[2026-01-02T20:10:58.786+0900] {processor.py:157} INFO - Started process (PID=236) to work on /opt/airflow/dags/first_dag.py
[2026-01-02T20:10:58.786+0900] {processor.py:829} INFO - Processing file /opt/airflow/dags/first_dag.py for tasks to queue
[2026-01-02T20:10:58.787+0900] {logging_mixin.py:151} INFO - [2026-01-02T20:10:58.787+0900] {dagbag.py:539} INFO - Filling up the DagBag from /opt/airflow/dags/first_dag.py
[2026-01-02T20:10:58.806+0900] {processor.py:839} INFO - DAG(s) dict_keys(['first_DAG']) retrieved from /opt/airflow/dags/first_dag.py
[2026-01-02T20:10:58.880+0900] {logging_mixin.py:151} INFO - [2026-01-02T20:10:58.880+0900] {manager.py:499} INFO - Created Permission View: %s
[2026-01-02T20:10:58.883+0900] {logging_mixin.py:151} INFO - [2026-01-02T20:10:58.883+0900] {manager.py:499} INFO - Created Permission View: %s
[2026-01-02T20:10:58.885+0900] {logging_mixin.py:151} INFO - [2026-01-02T20:10:58.885+0900] {manager.py:499} INFO - Created Permission View: %s
[2026-01-02T20:10:58.885+0900] {logging_mixin.py:151} INFO - [2026-01-02T20:10:58.885+0900] {security.py:708} INFO - Not syncing DAG-level permissions for DAG 'DAG:first_DAG' as access control is unset.
[2026-01-02T20:10:58.885+0900] {logging_mixin.py:151} INFO - [2026-01-02T20:10:58.885+0900] {dag.py:2915} INFO - Sync 1 DAGs
[2026-01-02T20:10:58.891+0900] {logging_mixin.py:151} INFO - [2026-01-02T20:10:58.891+0900] {dag.py:2937} INFO - Creating ORM DAG for first_DAG
[2026-01-02T20:10:58.896+0900] {logging_mixin.py:151} INFO - [2026-01-02T20:10:58.896+0900] {dag.py:3696} INFO - Setting next_dagrun for first_DAG to 2026-01-01T00:00:00+00:00, run_after=2026-01-02T00:00:00+00:00
[2026-01-02T20:10:58.901+0900] {processor.py:179} INFO - Processing /opt/airflow/dags/first_dag.py took 0.120 seconds
[2026-01-02T20:10:59.805+0900] {processor.py:157} INFO - Started process (PID=241) to work on /opt/airflow/dags/first_dag.py
[2026-01-02T20:10:59.805+0900] {processor.py:829} INFO - Processing file /opt/airflow/dags/first_dag.py for tasks to queue
[2026-01-02T20:10:59.806+0900] {logging_mixin.py:151} INFO - [2026-01-02T20:10:59.805+0900] {dagbag.py:539} INFO - Filling up the DagBag from /opt/airflow/dags/first_dag.py
[2026-01-02T20:10:59.815+0900] {processor.py:839} INFO - DAG(s) dict_keys(['first_DAG']) retrieved from /opt/airflow/dags/first_dag.py
[2026-01-02T20:10:59.823+0900] {logging_mixin.py:151} INFO - [2026-01-02T20:10:59.823+0900] {dag.py:2915} INFO - Sync 1 DAGs
[2026-01-02T20:10:59.835+0900] {logging_mixin.py:151} INFO - [2026-01-02T20:10:59.835+0900] {dag.py:3696} INFO - Setting next_dagrun for first_DAG to 2026-01-01T00:00:00+00:00, run_after=2026-01-02T00:00:00+00:00
[2026-01-02T20:10:59.844+0900] {processor.py:179} INFO - Processing /opt/airflow/dags/first_dag.py took 0.042 seconds
[2026-01-02T20:11:30.073+0900] {processor.py:157} INFO - Started process (PID=251) to work on /opt/airflow/dags/first_dag.py
[2026-01-02T20:11:30.074+0900] {processor.py:829} INFO - Processing file /opt/airflow/dags/first_dag.py for tasks to queue
[2026-01-02T20:11:30.075+0900] {logging_mixin.py:151} INFO - [2026-01-02T20:11:30.074+0900] {dagbag.py:539} INFO - Filling up the DagBag from /opt/airflow/dags/first_dag.py
[2026-01-02T20:11:30.091+0900] {processor.py:839} INFO - DAG(s) dict_keys(['first_DAG']) retrieved from /opt/airflow/dags/first_dag.py
[2026-01-02T20:11:30.115+0900] {logging_mixin.py:151} INFO - [2026-01-02T20:11:30.114+0900] {dag.py:2915} INFO - Sync 1 DAGs
[2026-01-02T20:11:30.128+0900] {logging_mixin.py:151} INFO - [2026-01-02T20:11:30.128+0900] {dag.py:3696} INFO - Setting next_dagrun for first_DAG to 2026-01-02T00:00:00+00:00, run_after=2026-01-03T00:00:00+00:00
[2026-01-02T20:11:30.136+0900] {processor.py:179} INFO - Processing /opt/airflow/dags/first_dag.py took 0.066 seconds
[2026-01-02T20:12:00.374+0900] {processor.py:157} INFO - Started process (PID=256) to work on /opt/airflow/dags/first_dag.py
[2026-01-02T20:12:00.374+0900] {processor.py:829} INFO - Processing file /opt/airflow/dags/first_dag.py for tasks to queue
[2026-01-02T20:12:00.375+0900] {logging_mixin.py:151} INFO - [2026-01-02T20:12:00.375+0900] {dagbag.py:539} INFO - Filling up the DagBag from /opt/airflow/dags/first_dag.py
[2026-01-02T20:12:00.389+0900] {processor.py:839} INFO - DAG(s) dict_keys(['first_DAG']) retrieved from /opt/airflow/dags/first_dag.py
[2026-01-02T20:12:00.407+0900] {logging_mixin.py:151} INFO - [2026-01-02T20:12:00.407+0900] {dag.py:2915} INFO - Sync 1 DAGs
[2026-01-02T20:12:00.419+0900] {logging_mixin.py:151} INFO - [2026-01-02T20:12:00.419+0900] {dag.py:3696} INFO - Setting next_dagrun for first_DAG to 2026-01-02T00:00:00+00:00, run_after=2026-01-03T00:00:00+00:00
[2026-01-02T20:12:00.427+0900] {processor.py:179} INFO - Processing /opt/airflow/dags/first_dag.py took 0.057 seconds
[2026-01-02T20:12:30.639+0900] {processor.py:157} INFO - Started process (PID=261) to work on /opt/airflow/dags/first_dag.py
[2026-01-02T20:12:30.640+0900] {processor.py:829} INFO - Processing file /opt/airflow/dags/first_dag.py for tasks to queue
[2026-01-02T20:12:30.641+0900] {logging_mixin.py:151} INFO - [2026-01-02T20:12:30.641+0900] {dagbag.py:539} INFO - Filling up the DagBag from /opt/airflow/dags/first_dag.py
[2026-01-02T20:12:30.662+0900] {processor.py:839} INFO - DAG(s) dict_keys(['first_DAG']) retrieved from /opt/airflow/dags/first_dag.py
[2026-01-02T20:12:30.686+0900] {logging_mixin.py:151} INFO - [2026-01-02T20:12:30.686+0900] {dag.py:2915} INFO - Sync 1 DAGs
[2026-01-02T20:12:30.698+0900] {logging_mixin.py:151} INFO - [2026-01-02T20:12:30.698+0900] {dag.py:3696} INFO - Setting next_dagrun for first_DAG to 2026-01-02T00:00:00+00:00, run_after=2026-01-03T00:00:00+00:00
[2026-01-02T20:12:30.706+0900] {processor.py:179} INFO - Processing /opt/airflow/dags/first_dag.py took 0.072 seconds
[2026-01-02T20:12:34.685+0900] {processor.py:157} INFO - Started process (PID=266) to work on /opt/airflow/dags/first_dag.py
[2026-01-02T20:12:34.686+0900] {processor.py:829} INFO - Processing file /opt/airflow/dags/first_dag.py for tasks to queue
[2026-01-02T20:12:34.687+0900] {logging_mixin.py:151} INFO - [2026-01-02T20:12:34.686+0900] {dagbag.py:539} INFO - Filling up the DagBag from /opt/airflow/dags/first_dag.py
[2026-01-02T20:12:34.702+0900] {processor.py:839} INFO - DAG(s) dict_keys(['first_DAG']) retrieved from /opt/airflow/dags/first_dag.py
[2026-01-02T20:12:34.767+0900] {logging_mixin.py:151} INFO - [2026-01-02T20:12:34.767+0900] {security.py:708} INFO - Not syncing DAG-level permissions for DAG 'DAG:first_DAG' as access control is unset.
[2026-01-02T20:12:34.767+0900] {logging_mixin.py:151} INFO - [2026-01-02T20:12:34.767+0900] {dag.py:2915} INFO - Sync 1 DAGs
[2026-01-02T20:12:34.775+0900] {logging_mixin.py:151} INFO - [2026-01-02T20:12:34.775+0900] {dag.py:3696} INFO - Setting next_dagrun for first_DAG to 2026-01-02T00:00:00+00:00, run_after=2026-01-03T00:00:00+00:00
[2026-01-02T20:12:34.783+0900] {processor.py:179} INFO - Processing /opt/airflow/dags/first_dag.py took 0.102 seconds
[2026-01-02T20:13:05.023+0900] {processor.py:157} INFO - Started process (PID=276) to work on /opt/airflow/dags/first_dag.py
[2026-01-02T20:13:05.025+0900] {processor.py:829} INFO - Processing file /opt/airflow/dags/first_dag.py for tasks to queue
[2026-01-02T20:13:05.026+0900] {logging_mixin.py:151} INFO - [2026-01-02T20:13:05.025+0900] {dagbag.py:539} INFO - Filling up the DagBag from /opt/airflow/dags/first_dag.py
[2026-01-02T20:13:05.042+0900] {processor.py:839} INFO - DAG(s) dict_keys(['first_DAG']) retrieved from /opt/airflow/dags/first_dag.py
[2026-01-02T20:13:05.065+0900] {logging_mixin.py:151} INFO - [2026-01-02T20:13:05.065+0900] {dag.py:2915} INFO - Sync 1 DAGs
[2026-01-02T20:13:05.102+0900] {logging_mixin.py:151} INFO - [2026-01-02T20:13:05.101+0900] {dag.py:3696} INFO - Setting next_dagrun for first_DAG to 2026-01-02T00:00:00+00:00, run_after=2026-01-03T00:00:00+00:00
[2026-01-02T20:13:05.127+0900] {processor.py:179} INFO - Processing /opt/airflow/dags/first_dag.py took 0.108 seconds
[2026-01-02T20:13:35.309+0900] {processor.py:157} INFO - Started process (PID=281) to work on /opt/airflow/dags/first_dag.py
[2026-01-02T20:13:35.310+0900] {processor.py:829} INFO - Processing file /opt/airflow/dags/first_dag.py for tasks to queue
[2026-01-02T20:13:35.311+0900] {logging_mixin.py:151} INFO - [2026-01-02T20:13:35.311+0900] {dagbag.py:539} INFO - Filling up the DagBag from /opt/airflow/dags/first_dag.py
[2026-01-02T20:13:35.323+0900] {processor.py:839} INFO - DAG(s) dict_keys(['first_DAG']) retrieved from /opt/airflow/dags/first_dag.py
[2026-01-02T20:13:35.343+0900] {logging_mixin.py:151} INFO - [2026-01-02T20:13:35.343+0900] {dag.py:2915} INFO - Sync 1 DAGs
[2026-01-02T20:13:35.356+0900] {logging_mixin.py:151} INFO - [2026-01-02T20:13:35.355+0900] {dag.py:3696} INFO - Setting next_dagrun for first_DAG to 2026-01-02T00:00:00+00:00, run_after=2026-01-03T00:00:00+00:00
[2026-01-02T20:13:35.364+0900] {processor.py:179} INFO - Processing /opt/airflow/dags/first_dag.py took 0.059 seconds
[2026-01-02T20:14:05.605+0900] {processor.py:157} INFO - Started process (PID=286) to work on /opt/airflow/dags/first_dag.py
[2026-01-02T20:14:05.606+0900] {processor.py:829} INFO - Processing file /opt/airflow/dags/first_dag.py for tasks to queue
[2026-01-02T20:14:05.607+0900] {logging_mixin.py:151} INFO - [2026-01-02T20:14:05.607+0900] {dagbag.py:539} INFO - Filling up the DagBag from /opt/airflow/dags/first_dag.py
[2026-01-02T20:14:05.623+0900] {processor.py:839} INFO - DAG(s) dict_keys(['first_DAG']) retrieved from /opt/airflow/dags/first_dag.py
[2026-01-02T20:14:05.647+0900] {logging_mixin.py:151} INFO - [2026-01-02T20:14:05.647+0900] {dag.py:2915} INFO - Sync 1 DAGs
[2026-01-02T20:14:05.660+0900] {logging_mixin.py:151} INFO - [2026-01-02T20:14:05.660+0900] {dag.py:3696} INFO - Setting next_dagrun for first_DAG to 2026-01-02T00:00:00+00:00, run_after=2026-01-03T00:00:00+00:00
[2026-01-02T20:14:05.668+0900] {processor.py:179} INFO - Processing /opt/airflow/dags/first_dag.py took 0.066 seconds
[2026-01-02T20:14:35.903+0900] {processor.py:157} INFO - Started process (PID=291) to work on /opt/airflow/dags/first_dag.py
[2026-01-02T20:14:35.905+0900] {processor.py:829} INFO - Processing file /opt/airflow/dags/first_dag.py for tasks to queue
[2026-01-02T20:14:35.906+0900] {logging_mixin.py:151} INFO - [2026-01-02T20:14:35.905+0900] {dagbag.py:539} INFO - Filling up the DagBag from /opt/airflow/dags/first_dag.py
[2026-01-02T20:14:35.920+0900] {processor.py:839} INFO - DAG(s) dict_keys(['first_DAG']) retrieved from /opt/airflow/dags/first_dag.py
[2026-01-02T20:14:35.942+0900] {logging_mixin.py:151} INFO - [2026-01-02T20:14:35.942+0900] {dag.py:2915} INFO - Sync 1 DAGs
[2026-01-02T20:14:35.954+0900] {logging_mixin.py:151} INFO - [2026-01-02T20:14:35.954+0900] {dag.py:3696} INFO - Setting next_dagrun for first_DAG to 2026-01-02T00:00:00+00:00, run_after=2026-01-03T00:00:00+00:00
[2026-01-02T20:14:35.962+0900] {processor.py:179} INFO - Processing /opt/airflow/dags/first_dag.py took 0.062 seconds
[2026-01-02T20:15:06.206+0900] {processor.py:157} INFO - Started process (PID=296) to work on /opt/airflow/dags/first_dag.py
[2026-01-02T20:15:06.207+0900] {processor.py:829} INFO - Processing file /opt/airflow/dags/first_dag.py for tasks to queue
[2026-01-02T20:15:06.208+0900] {logging_mixin.py:151} INFO - [2026-01-02T20:15:06.207+0900] {dagbag.py:539} INFO - Filling up the DagBag from /opt/airflow/dags/first_dag.py
[2026-01-02T20:15:06.221+0900] {processor.py:839} INFO - DAG(s) dict_keys(['first_DAG']) retrieved from /opt/airflow/dags/first_dag.py
[2026-01-02T20:15:06.242+0900] {logging_mixin.py:151} INFO - [2026-01-02T20:15:06.242+0900] {dag.py:2915} INFO - Sync 1 DAGs
[2026-01-02T20:15:06.255+0900] {logging_mixin.py:151} INFO - [2026-01-02T20:15:06.255+0900] {dag.py:3696} INFO - Setting next_dagrun for first_DAG to 2026-01-02T00:00:00+00:00, run_after=2026-01-03T00:00:00+00:00
[2026-01-02T20:15:06.264+0900] {processor.py:179} INFO - Processing /opt/airflow/dags/first_dag.py took 0.060 seconds
[2026-01-02T20:15:36.514+0900] {processor.py:157} INFO - Started process (PID=301) to work on /opt/airflow/dags/first_dag.py
[2026-01-02T20:15:36.515+0900] {processor.py:829} INFO - Processing file /opt/airflow/dags/first_dag.py for tasks to queue
[2026-01-02T20:15:36.516+0900] {logging_mixin.py:151} INFO - [2026-01-02T20:15:36.516+0900] {dagbag.py:539} INFO - Filling up the DagBag from /opt/airflow/dags/first_dag.py
[2026-01-02T20:15:36.529+0900] {processor.py:839} INFO - DAG(s) dict_keys(['first_DAG']) retrieved from /opt/airflow/dags/first_dag.py
[2026-01-02T20:15:36.552+0900] {logging_mixin.py:151} INFO - [2026-01-02T20:15:36.552+0900] {dag.py:2915} INFO - Sync 1 DAGs
[2026-01-02T20:15:36.564+0900] {logging_mixin.py:151} INFO - [2026-01-02T20:15:36.564+0900] {dag.py:3696} INFO - Setting next_dagrun for first_DAG to 2026-01-02T00:00:00+00:00, run_after=2026-01-03T00:00:00+00:00
[2026-01-02T20:15:36.571+0900] {processor.py:179} INFO - Processing /opt/airflow/dags/first_dag.py took 0.060 seconds
[2026-01-02T20:16:06.780+0900] {processor.py:157} INFO - Started process (PID=306) to work on /opt/airflow/dags/first_dag.py
[2026-01-02T20:16:06.781+0900] {processor.py:829} INFO - Processing file /opt/airflow/dags/first_dag.py for tasks to queue
[2026-01-02T20:16:06.781+0900] {logging_mixin.py:151} INFO - [2026-01-02T20:16:06.781+0900] {dagbag.py:539} INFO - Filling up the DagBag from /opt/airflow/dags/first_dag.py
[2026-01-02T20:16:06.789+0900] {processor.py:839} INFO - DAG(s) dict_keys(['first_DAG']) retrieved from /opt/airflow/dags/first_dag.py
[2026-01-02T20:16:06.803+0900] {logging_mixin.py:151} INFO - [2026-01-02T20:16:06.803+0900] {dag.py:2915} INFO - Sync 1 DAGs
[2026-01-02T20:16:06.813+0900] {logging_mixin.py:151} INFO - [2026-01-02T20:16:06.813+0900] {dag.py:3696} INFO - Setting next_dagrun for first_DAG to 2026-01-02T00:00:00+00:00, run_after=2026-01-03T00:00:00+00:00
[2026-01-02T20:16:06.821+0900] {processor.py:179} INFO - Processing /opt/airflow/dags/first_dag.py took 0.043 seconds
[2026-01-02T20:16:37.078+0900] {processor.py:157} INFO - Started process (PID=311) to work on /opt/airflow/dags/first_dag.py
[2026-01-02T20:16:37.078+0900] {processor.py:829} INFO - Processing file /opt/airflow/dags/first_dag.py for tasks to queue
[2026-01-02T20:16:37.079+0900] {logging_mixin.py:151} INFO - [2026-01-02T20:16:37.079+0900] {dagbag.py:539} INFO - Filling up the DagBag from /opt/airflow/dags/first_dag.py
[2026-01-02T20:16:37.099+0900] {processor.py:839} INFO - DAG(s) dict_keys(['first_DAG']) retrieved from /opt/airflow/dags/first_dag.py
[2026-01-02T20:16:37.124+0900] {logging_mixin.py:151} INFO - [2026-01-02T20:16:37.124+0900] {dag.py:2915} INFO - Sync 1 DAGs
[2026-01-02T20:16:37.141+0900] {logging_mixin.py:151} INFO - [2026-01-02T20:16:37.141+0900] {dag.py:3696} INFO - Setting next_dagrun for first_DAG to 2026-01-02T00:00:00+00:00, run_after=2026-01-03T00:00:00+00:00
[2026-01-02T20:16:37.151+0900] {processor.py:179} INFO - Processing /opt/airflow/dags/first_dag.py took 0.077 seconds
[2026-01-02T20:17:07.306+0900] {processor.py:157} INFO - Started process (PID=316) to work on /opt/airflow/dags/first_dag.py
[2026-01-02T20:17:07.307+0900] {processor.py:829} INFO - Processing file /opt/airflow/dags/first_dag.py for tasks to queue
[2026-01-02T20:17:07.308+0900] {logging_mixin.py:151} INFO - [2026-01-02T20:17:07.308+0900] {dagbag.py:539} INFO - Filling up the DagBag from /opt/airflow/dags/first_dag.py
[2026-01-02T20:17:07.322+0900] {processor.py:839} INFO - DAG(s) dict_keys(['first_DAG']) retrieved from /opt/airflow/dags/first_dag.py
[2026-01-02T20:17:07.343+0900] {logging_mixin.py:151} INFO - [2026-01-02T20:17:07.343+0900] {dag.py:2915} INFO - Sync 1 DAGs
[2026-01-02T20:17:07.355+0900] {logging_mixin.py:151} INFO - [2026-01-02T20:17:07.354+0900] {dag.py:3696} INFO - Setting next_dagrun for first_DAG to 2026-01-02T00:00:00+00:00, run_after=2026-01-03T00:00:00+00:00
[2026-01-02T20:17:07.362+0900] {processor.py:179} INFO - Processing /opt/airflow/dags/first_dag.py took 0.062 seconds
[2026-01-02T20:17:37.607+0900] {processor.py:157} INFO - Started process (PID=321) to work on /opt/airflow/dags/first_dag.py
[2026-01-02T20:17:37.608+0900] {processor.py:829} INFO - Processing file /opt/airflow/dags/first_dag.py for tasks to queue
[2026-01-02T20:17:37.609+0900] {logging_mixin.py:151} INFO - [2026-01-02T20:17:37.608+0900] {dagbag.py:539} INFO - Filling up the DagBag from /opt/airflow/dags/first_dag.py
[2026-01-02T20:17:37.628+0900] {processor.py:839} INFO - DAG(s) dict_keys(['first_DAG']) retrieved from /opt/airflow/dags/first_dag.py
[2026-01-02T20:17:37.660+0900] {logging_mixin.py:151} INFO - [2026-01-02T20:17:37.659+0900] {dag.py:2915} INFO - Sync 1 DAGs
[2026-01-02T20:17:37.675+0900] {logging_mixin.py:151} INFO - [2026-01-02T20:17:37.675+0900] {dag.py:3696} INFO - Setting next_dagrun for first_DAG to 2026-01-02T00:00:00+00:00, run_after=2026-01-03T00:00:00+00:00
[2026-01-02T20:17:37.685+0900] {processor.py:179} INFO - Processing /opt/airflow/dags/first_dag.py took 0.083 seconds
[2026-01-02T20:18:07.827+0900] {processor.py:157} INFO - Started process (PID=326) to work on /opt/airflow/dags/first_dag.py
[2026-01-02T20:18:07.828+0900] {processor.py:829} INFO - Processing file /opt/airflow/dags/first_dag.py for tasks to queue
[2026-01-02T20:18:07.828+0900] {logging_mixin.py:151} INFO - [2026-01-02T20:18:07.828+0900] {dagbag.py:539} INFO - Filling up the DagBag from /opt/airflow/dags/first_dag.py
[2026-01-02T20:18:07.839+0900] {processor.py:839} INFO - DAG(s) dict_keys(['first_DAG']) retrieved from /opt/airflow/dags/first_dag.py
[2026-01-02T20:18:07.857+0900] {logging_mixin.py:151} INFO - [2026-01-02T20:18:07.857+0900] {dag.py:2915} INFO - Sync 1 DAGs
[2026-01-02T20:18:07.868+0900] {logging_mixin.py:151} INFO - [2026-01-02T20:18:07.868+0900] {dag.py:3696} INFO - Setting next_dagrun for first_DAG to 2026-01-02T00:00:00+00:00, run_after=2026-01-03T00:00:00+00:00
[2026-01-02T20:18:07.875+0900] {processor.py:179} INFO - Processing /opt/airflow/dags/first_dag.py took 0.052 seconds
[2026-01-02T20:18:38.151+0900] {processor.py:157} INFO - Started process (PID=331) to work on /opt/airflow/dags/first_dag.py
[2026-01-02T20:18:38.152+0900] {processor.py:829} INFO - Processing file /opt/airflow/dags/first_dag.py for tasks to queue
[2026-01-02T20:18:38.154+0900] {logging_mixin.py:151} INFO - [2026-01-02T20:18:38.153+0900] {dagbag.py:539} INFO - Filling up the DagBag from /opt/airflow/dags/first_dag.py
[2026-01-02T20:18:38.178+0900] {processor.py:839} INFO - DAG(s) dict_keys(['first_DAG']) retrieved from /opt/airflow/dags/first_dag.py
[2026-01-02T20:18:38.209+0900] {logging_mixin.py:151} INFO - [2026-01-02T20:18:38.209+0900] {dag.py:2915} INFO - Sync 1 DAGs
[2026-01-02T20:18:38.223+0900] {logging_mixin.py:151} INFO - [2026-01-02T20:18:38.223+0900] {dag.py:3696} INFO - Setting next_dagrun for first_DAG to 2026-01-02T00:00:00+00:00, run_after=2026-01-03T00:00:00+00:00
[2026-01-02T20:18:38.233+0900] {processor.py:179} INFO - Processing /opt/airflow/dags/first_dag.py took 0.088 seconds
[2026-01-02T20:19:08.426+0900] {processor.py:157} INFO - Started process (PID=336) to work on /opt/airflow/dags/first_dag.py
[2026-01-02T20:19:08.427+0900] {processor.py:829} INFO - Processing file /opt/airflow/dags/first_dag.py for tasks to queue
[2026-01-02T20:19:08.428+0900] {logging_mixin.py:151} INFO - [2026-01-02T20:19:08.427+0900] {dagbag.py:539} INFO - Filling up the DagBag from /opt/airflow/dags/first_dag.py
[2026-01-02T20:19:08.456+0900] {processor.py:839} INFO - DAG(s) dict_keys(['first_DAG']) retrieved from /opt/airflow/dags/first_dag.py
[2026-01-02T20:19:08.486+0900] {logging_mixin.py:151} INFO - [2026-01-02T20:19:08.486+0900] {dag.py:2915} INFO - Sync 1 DAGs
[2026-01-02T20:19:08.507+0900] {logging_mixin.py:151} INFO - [2026-01-02T20:19:08.506+0900] {dag.py:3696} INFO - Setting next_dagrun for first_DAG to 2026-01-02T00:00:00+00:00, run_after=2026-01-03T00:00:00+00:00
[2026-01-02T20:19:08.517+0900] {processor.py:179} INFO - Processing /opt/airflow/dags/first_dag.py took 0.101 seconds
[2026-01-02T20:19:38.705+0900] {processor.py:157} INFO - Started process (PID=341) to work on /opt/airflow/dags/first_dag.py
[2026-01-02T20:19:38.706+0900] {processor.py:829} INFO - Processing file /opt/airflow/dags/first_dag.py for tasks to queue
[2026-01-02T20:19:38.707+0900] {logging_mixin.py:151} INFO - [2026-01-02T20:19:38.707+0900] {dagbag.py:539} INFO - Filling up the DagBag from /opt/airflow/dags/first_dag.py
[2026-01-02T20:19:38.718+0900] {processor.py:839} INFO - DAG(s) dict_keys(['first_DAG']) retrieved from /opt/airflow/dags/first_dag.py
[2026-01-02T20:19:38.738+0900] {logging_mixin.py:151} INFO - [2026-01-02T20:19:38.738+0900] {dag.py:2915} INFO - Sync 1 DAGs
[2026-01-02T20:19:38.750+0900] {logging_mixin.py:151} INFO - [2026-01-02T20:19:38.750+0900] {dag.py:3696} INFO - Setting next_dagrun for first_DAG to 2026-01-02T00:00:00+00:00, run_after=2026-01-03T00:00:00+00:00
[2026-01-02T20:19:38.757+0900] {processor.py:179} INFO - Processing /opt/airflow/dags/first_dag.py took 0.056 seconds
[2026-01-02T20:20:08.997+0900] {processor.py:157} INFO - Started process (PID=346) to work on /opt/airflow/dags/first_dag.py
[2026-01-02T20:20:08.997+0900] {processor.py:829} INFO - Processing file /opt/airflow/dags/first_dag.py for tasks to queue
[2026-01-02T20:20:08.999+0900] {logging_mixin.py:151} INFO - [2026-01-02T20:20:08.998+0900] {dagbag.py:539} INFO - Filling up the DagBag from /opt/airflow/dags/first_dag.py
[2026-01-02T20:20:09.019+0900] {processor.py:839} INFO - DAG(s) dict_keys(['first_DAG']) retrieved from /opt/airflow/dags/first_dag.py
[2026-01-02T20:20:09.043+0900] {logging_mixin.py:151} INFO - [2026-01-02T20:20:09.043+0900] {dag.py:2915} INFO - Sync 1 DAGs
[2026-01-02T20:20:09.063+0900] {logging_mixin.py:151} INFO - [2026-01-02T20:20:09.062+0900] {dag.py:3696} INFO - Setting next_dagrun for first_DAG to 2026-01-02T00:00:00+00:00, run_after=2026-01-03T00:00:00+00:00
[2026-01-02T20:20:09.073+0900] {processor.py:179} INFO - Processing /opt/airflow/dags/first_dag.py took 0.080 seconds
[2026-01-02T20:20:39.317+0900] {processor.py:157} INFO - Started process (PID=351) to work on /opt/airflow/dags/first_dag.py
[2026-01-02T20:20:39.318+0900] {processor.py:829} INFO - Processing file /opt/airflow/dags/first_dag.py for tasks to queue
[2026-01-02T20:20:39.319+0900] {logging_mixin.py:151} INFO - [2026-01-02T20:20:39.319+0900] {dagbag.py:539} INFO - Filling up the DagBag from /opt/airflow/dags/first_dag.py
[2026-01-02T20:20:39.340+0900] {processor.py:839} INFO - DAG(s) dict_keys(['first_DAG']) retrieved from /opt/airflow/dags/first_dag.py
[2026-01-02T20:20:39.369+0900] {logging_mixin.py:151} INFO - [2026-01-02T20:20:39.369+0900] {dag.py:2915} INFO - Sync 1 DAGs
[2026-01-02T20:20:39.384+0900] {logging_mixin.py:151} INFO - [2026-01-02T20:20:39.384+0900] {dag.py:3696} INFO - Setting next_dagrun for first_DAG to 2026-01-02T00:00:00+00:00, run_after=2026-01-03T00:00:00+00:00
[2026-01-02T20:20:39.393+0900] {processor.py:179} INFO - Processing /opt/airflow/dags/first_dag.py took 0.081 seconds
[2026-01-02T20:21:09.575+0900] {processor.py:157} INFO - Started process (PID=356) to work on /opt/airflow/dags/first_dag.py
[2026-01-02T20:21:09.576+0900] {processor.py:829} INFO - Processing file /opt/airflow/dags/first_dag.py for tasks to queue
[2026-01-02T20:21:09.577+0900] {logging_mixin.py:151} INFO - [2026-01-02T20:21:09.577+0900] {dagbag.py:539} INFO - Filling up the DagBag from /opt/airflow/dags/first_dag.py
[2026-01-02T20:21:09.588+0900] {processor.py:839} INFO - DAG(s) dict_keys(['first_DAG']) retrieved from /opt/airflow/dags/first_dag.py
[2026-01-02T20:21:09.608+0900] {logging_mixin.py:151} INFO - [2026-01-02T20:21:09.607+0900] {dag.py:2915} INFO - Sync 1 DAGs
[2026-01-02T20:21:09.618+0900] {logging_mixin.py:151} INFO - [2026-01-02T20:21:09.618+0900] {dag.py:3696} INFO - Setting next_dagrun for first_DAG to 2026-01-02T00:00:00+00:00, run_after=2026-01-03T00:00:00+00:00
[2026-01-02T20:21:09.626+0900] {processor.py:179} INFO - Processing /opt/airflow/dags/first_dag.py took 0.053 seconds
[2026-01-02T20:21:39.893+0900] {processor.py:157} INFO - Started process (PID=361) to work on /opt/airflow/dags/first_dag.py
[2026-01-02T20:21:39.894+0900] {processor.py:829} INFO - Processing file /opt/airflow/dags/first_dag.py for tasks to queue
[2026-01-02T20:21:39.895+0900] {logging_mixin.py:151} INFO - [2026-01-02T20:21:39.894+0900] {dagbag.py:539} INFO - Filling up the DagBag from /opt/airflow/dags/first_dag.py
[2026-01-02T20:21:39.912+0900] {processor.py:839} INFO - DAG(s) dict_keys(['first_DAG']) retrieved from /opt/airflow/dags/first_dag.py
[2026-01-02T20:21:39.936+0900] {logging_mixin.py:151} INFO - [2026-01-02T20:21:39.936+0900] {dag.py:2915} INFO - Sync 1 DAGs
[2026-01-02T20:21:39.949+0900] {logging_mixin.py:151} INFO - [2026-01-02T20:21:39.949+0900] {dag.py:3696} INFO - Setting next_dagrun for first_DAG to 2026-01-02T00:00:00+00:00, run_after=2026-01-03T00:00:00+00:00
[2026-01-02T20:21:39.958+0900] {processor.py:179} INFO - Processing /opt/airflow/dags/first_dag.py took 0.069 seconds
[2026-01-02T20:22:10.216+0900] {processor.py:157} INFO - Started process (PID=366) to work on /opt/airflow/dags/first_dag.py
[2026-01-02T20:22:10.218+0900] {processor.py:829} INFO - Processing file /opt/airflow/dags/first_dag.py for tasks to queue
[2026-01-02T20:22:10.219+0900] {logging_mixin.py:151} INFO - [2026-01-02T20:22:10.218+0900] {dagbag.py:539} INFO - Filling up the DagBag from /opt/airflow/dags/first_dag.py
[2026-01-02T20:22:10.239+0900] {processor.py:839} INFO - DAG(s) dict_keys(['first_DAG']) retrieved from /opt/airflow/dags/first_dag.py
[2026-01-02T20:22:10.262+0900] {logging_mixin.py:151} INFO - [2026-01-02T20:22:10.262+0900] {dag.py:2915} INFO - Sync 1 DAGs
[2026-01-02T20:22:10.274+0900] {logging_mixin.py:151} INFO - [2026-01-02T20:22:10.274+0900] {dag.py:3696} INFO - Setting next_dagrun for first_DAG to 2026-01-02T00:00:00+00:00, run_after=2026-01-03T00:00:00+00:00
[2026-01-02T20:22:10.283+0900] {processor.py:179} INFO - Processing /opt/airflow/dags/first_dag.py took 0.072 seconds
[2026-01-02T20:22:40.485+0900] {processor.py:157} INFO - Started process (PID=371) to work on /opt/airflow/dags/first_dag.py
[2026-01-02T20:22:40.486+0900] {processor.py:829} INFO - Processing file /opt/airflow/dags/first_dag.py for tasks to queue
[2026-01-02T20:22:40.487+0900] {logging_mixin.py:151} INFO - [2026-01-02T20:22:40.487+0900] {dagbag.py:539} INFO - Filling up the DagBag from /opt/airflow/dags/first_dag.py
[2026-01-02T20:22:40.501+0900] {processor.py:839} INFO - DAG(s) dict_keys(['first_DAG']) retrieved from /opt/airflow/dags/first_dag.py
[2026-01-02T20:22:40.523+0900] {logging_mixin.py:151} INFO - [2026-01-02T20:22:40.523+0900] {dag.py:2915} INFO - Sync 1 DAGs
[2026-01-02T20:22:40.540+0900] {logging_mixin.py:151} INFO - [2026-01-02T20:22:40.540+0900] {dag.py:3696} INFO - Setting next_dagrun for first_DAG to 2026-01-02T00:00:00+00:00, run_after=2026-01-03T00:00:00+00:00
[2026-01-02T20:22:40.549+0900] {processor.py:179} INFO - Processing /opt/airflow/dags/first_dag.py took 0.067 seconds
[2026-01-02T20:23:10.772+0900] {processor.py:157} INFO - Started process (PID=376) to work on /opt/airflow/dags/first_dag.py
[2026-01-02T20:23:10.773+0900] {processor.py:829} INFO - Processing file /opt/airflow/dags/first_dag.py for tasks to queue
[2026-01-02T20:23:10.775+0900] {logging_mixin.py:151} INFO - [2026-01-02T20:23:10.774+0900] {dagbag.py:539} INFO - Filling up the DagBag from /opt/airflow/dags/first_dag.py
[2026-01-02T20:23:10.795+0900] {processor.py:839} INFO - DAG(s) dict_keys(['first_DAG']) retrieved from /opt/airflow/dags/first_dag.py
[2026-01-02T20:23:10.823+0900] {logging_mixin.py:151} INFO - [2026-01-02T20:23:10.823+0900] {dag.py:2915} INFO - Sync 1 DAGs
[2026-01-02T20:23:10.836+0900] {logging_mixin.py:151} INFO - [2026-01-02T20:23:10.836+0900] {dag.py:3696} INFO - Setting next_dagrun for first_DAG to 2026-01-02T00:00:00+00:00, run_after=2026-01-03T00:00:00+00:00
[2026-01-02T20:23:10.844+0900] {processor.py:179} INFO - Processing /opt/airflow/dags/first_dag.py took 0.076 seconds
[2026-01-02T20:23:41.025+0900] {processor.py:157} INFO - Started process (PID=381) to work on /opt/airflow/dags/first_dag.py
[2026-01-02T20:23:41.026+0900] {processor.py:829} INFO - Processing file /opt/airflow/dags/first_dag.py for tasks to queue
[2026-01-02T20:23:41.026+0900] {logging_mixin.py:151} INFO - [2026-01-02T20:23:41.026+0900] {dagbag.py:539} INFO - Filling up the DagBag from /opt/airflow/dags/first_dag.py
[2026-01-02T20:23:41.035+0900] {processor.py:839} INFO - DAG(s) dict_keys(['first_DAG']) retrieved from /opt/airflow/dags/first_dag.py
[2026-01-02T20:23:41.054+0900] {logging_mixin.py:151} INFO - [2026-01-02T20:23:41.053+0900] {dag.py:2915} INFO - Sync 1 DAGs
[2026-01-02T20:23:41.065+0900] {logging_mixin.py:151} INFO - [2026-01-02T20:23:41.064+0900] {dag.py:3696} INFO - Setting next_dagrun for first_DAG to 2026-01-02T00:00:00+00:00, run_after=2026-01-03T00:00:00+00:00
[2026-01-02T20:23:41.075+0900] {processor.py:179} INFO - Processing /opt/airflow/dags/first_dag.py took 0.052 seconds
[2026-01-02T20:24:11.360+0900] {processor.py:157} INFO - Started process (PID=386) to work on /opt/airflow/dags/first_dag.py
[2026-01-02T20:24:11.361+0900] {processor.py:829} INFO - Processing file /opt/airflow/dags/first_dag.py for tasks to queue
[2026-01-02T20:24:11.363+0900] {logging_mixin.py:151} INFO - [2026-01-02T20:24:11.362+0900] {dagbag.py:539} INFO - Filling up the DagBag from /opt/airflow/dags/first_dag.py
[2026-01-02T20:24:11.380+0900] {processor.py:839} INFO - DAG(s) dict_keys(['first_DAG']) retrieved from /opt/airflow/dags/first_dag.py
[2026-01-02T20:24:11.403+0900] {logging_mixin.py:151} INFO - [2026-01-02T20:24:11.403+0900] {dag.py:2915} INFO - Sync 1 DAGs
[2026-01-02T20:24:11.415+0900] {logging_mixin.py:151} INFO - [2026-01-02T20:24:11.415+0900] {dag.py:3696} INFO - Setting next_dagrun for first_DAG to 2026-01-02T00:00:00+00:00, run_after=2026-01-03T00:00:00+00:00
[2026-01-02T20:24:11.422+0900] {processor.py:179} INFO - Processing /opt/airflow/dags/first_dag.py took 0.067 seconds
[2026-01-02T20:24:41.613+0900] {processor.py:157} INFO - Started process (PID=391) to work on /opt/airflow/dags/first_dag.py
[2026-01-02T20:24:41.614+0900] {processor.py:829} INFO - Processing file /opt/airflow/dags/first_dag.py for tasks to queue
[2026-01-02T20:24:41.615+0900] {logging_mixin.py:151} INFO - [2026-01-02T20:24:41.614+0900] {dagbag.py:539} INFO - Filling up the DagBag from /opt/airflow/dags/first_dag.py
[2026-01-02T20:24:41.629+0900] {processor.py:839} INFO - DAG(s) dict_keys(['first_DAG']) retrieved from /opt/airflow/dags/first_dag.py
[2026-01-02T20:24:41.648+0900] {logging_mixin.py:151} INFO - [2026-01-02T20:24:41.648+0900] {dag.py:2915} INFO - Sync 1 DAGs
[2026-01-02T20:24:41.659+0900] {logging_mixin.py:151} INFO - [2026-01-02T20:24:41.659+0900] {dag.py:3696} INFO - Setting next_dagrun for first_DAG to 2026-01-02T00:00:00+00:00, run_after=2026-01-03T00:00:00+00:00
[2026-01-02T20:24:41.668+0900] {processor.py:179} INFO - Processing /opt/airflow/dags/first_dag.py took 0.059 seconds
[2026-01-02T20:25:11.907+0900] {processor.py:157} INFO - Started process (PID=396) to work on /opt/airflow/dags/first_dag.py
[2026-01-02T20:25:11.908+0900] {processor.py:829} INFO - Processing file /opt/airflow/dags/first_dag.py for tasks to queue
[2026-01-02T20:25:11.909+0900] {logging_mixin.py:151} INFO - [2026-01-02T20:25:11.908+0900] {dagbag.py:539} INFO - Filling up the DagBag from /opt/airflow/dags/first_dag.py
[2026-01-02T20:25:11.923+0900] {processor.py:839} INFO - DAG(s) dict_keys(['first_DAG']) retrieved from /opt/airflow/dags/first_dag.py
[2026-01-02T20:25:11.943+0900] {logging_mixin.py:151} INFO - [2026-01-02T20:25:11.943+0900] {dag.py:2915} INFO - Sync 1 DAGs
[2026-01-02T20:25:11.955+0900] {logging_mixin.py:151} INFO - [2026-01-02T20:25:11.955+0900] {dag.py:3696} INFO - Setting next_dagrun for first_DAG to 2026-01-02T00:00:00+00:00, run_after=2026-01-03T00:00:00+00:00
[2026-01-02T20:25:11.964+0900] {processor.py:179} INFO - Processing /opt/airflow/dags/first_dag.py took 0.061 seconds
