[2026-01-02T18:41:05.203+0900] {manager.py:487} INFO - Processing files using up to 2 processes at a time 
[2026-01-02T18:41:05.204+0900] {manager.py:488} INFO - Process each file at most once every 30 seconds
[2026-01-02T18:41:05.204+0900] {manager.py:489} INFO - Checking for new files in /opt/airflow/dags every 300 seconds
[2026-01-02T18:41:05.204+0900] {manager.py:759} INFO - Searching for files in /opt/airflow/dags
[2026-01-02T18:41:05.205+0900] {manager.py:762} INFO - There are 0 files in /opt/airflow/dags
[2026-01-02T18:46:05.472+0900] {manager.py:759} INFO - Searching for files in /opt/airflow/dags
[2026-01-02T18:46:05.477+0900] {manager.py:762} INFO - There are 0 files in /opt/airflow/dags
[2026-01-02T18:51:05.838+0900] {manager.py:759} INFO - Searching for files in /opt/airflow/dags
[2026-01-02T18:51:05.843+0900] {manager.py:762} INFO - There are 0 files in /opt/airflow/dags
[2026-01-02T18:56:06.205+0900] {manager.py:759} INFO - Searching for files in /opt/airflow/dags
[2026-01-02T18:56:06.208+0900] {manager.py:762} INFO - There are 0 files in /opt/airflow/dags
[2026-01-02T19:01:06.689+0900] {manager.py:759} INFO - Searching for files in /opt/airflow/dags
[2026-01-02T19:01:06.693+0900] {manager.py:762} INFO - There are 0 files in /opt/airflow/dags
[2026-01-02T19:06:07.066+0900] {manager.py:759} INFO - Searching for files in /opt/airflow/dags
[2026-01-02T19:06:07.069+0900] {manager.py:762} INFO - There are 0 files in /opt/airflow/dags
[2026-01-02T19:11:07.604+0900] {manager.py:759} INFO - Searching for files in /opt/airflow/dags
[2026-01-02T19:11:07.607+0900] {manager.py:762} INFO - There are 0 files in /opt/airflow/dags
[2026-01-02T19:16:08.084+0900] {manager.py:759} INFO - Searching for files in /opt/airflow/dags
[2026-01-02T19:16:08.088+0900] {manager.py:762} INFO - There are 0 files in /opt/airflow/dags
[2026-01-02T19:21:08.331+0900] {manager.py:759} INFO - Searching for files in /opt/airflow/dags
[2026-01-02T19:21:08.334+0900] {manager.py:762} INFO - There are 0 files in /opt/airflow/dags
[2026-01-02T19:26:08.616+0900] {manager.py:759} INFO - Searching for files in /opt/airflow/dags
[2026-01-02T19:26:08.620+0900] {manager.py:762} INFO - There are 0 files in /opt/airflow/dags
[2026-01-02T19:31:08.885+0900] {manager.py:759} INFO - Searching for files in /opt/airflow/dags
[2026-01-02T19:31:08.889+0900] {manager.py:762} INFO - There are 0 files in /opt/airflow/dags
[2026-01-02T19:36:09.267+0900] {manager.py:759} INFO - Searching for files in /opt/airflow/dags
[2026-01-02T19:36:09.270+0900] {manager.py:762} INFO - There are 0 files in /opt/airflow/dags
[2026-01-02T19:41:09.611+0900] {manager.py:759} INFO - Searching for files in /opt/airflow/dags
[2026-01-02T19:41:09.615+0900] {manager.py:762} INFO - There are 0 files in /opt/airflow/dags
[2026-01-02T19:46:09.872+0900] {manager.py:759} INFO - Searching for files in /opt/airflow/dags
[2026-01-02T19:46:09.876+0900] {manager.py:762} INFO - There are 0 files in /opt/airflow/dags
[2026-01-02T19:51:10.190+0900] {manager.py:759} INFO - Searching for files in /opt/airflow/dags
[2026-01-02T19:51:10.200+0900] {manager.py:762} INFO - There are 0 files in /opt/airflow/dags
[2026-01-02T19:56:10.508+0900] {manager.py:759} INFO - Searching for files in /opt/airflow/dags
[2026-01-02T19:56:10.512+0900] {manager.py:762} INFO - There are 0 files in /opt/airflow/dags
[2026-01-02T20:01:10.833+0900] {manager.py:759} INFO - Searching for files in /opt/airflow/dags
[2026-01-02T20:01:10.839+0900] {manager.py:762} INFO - There are 0 files in /opt/airflow/dags
[2026-01-02T20:06:11.081+0900] {manager.py:759} INFO - Searching for files in /opt/airflow/dags
[2026-01-02T20:06:11.103+0900] {manager.py:762} INFO - There are 1 files in /opt/airflow/dags
[2026-01-02T20:06:15.173+0900] {manager.py:893} INFO - 
================================================================================
DAG File Processing Stats

File Path                       PID    Runtime      # DAGs    # Errors  Last Runtime    Last Run
------------------------------  -----  ---------  --------  ----------  --------------  -------------------
/opt/airflow/dags/first_dag.py                           0           1  0.05s           2026-01-02T11:06:11
================================================================================
[2026-01-02T20:06:45.421+0900] {manager.py:893} INFO - 
================================================================================
DAG File Processing Stats

File Path                       PID    Runtime      # DAGs    # Errors  Last Runtime    Last Run
------------------------------  -----  ---------  --------  ----------  --------------  -------------------
/opt/airflow/dags/first_dag.py                           0           1  0.04s           2026-01-02T11:06:41
================================================================================
[2026-01-02T20:07:15.683+0900] {manager.py:893} INFO - 
================================================================================
DAG File Processing Stats

File Path                       PID    Runtime      # DAGs    # Errors  Last Runtime    Last Run
------------------------------  -----  ---------  --------  ----------  --------------  -------------------
/opt/airflow/dags/first_dag.py                           0           1  0.05s           2026-01-02T11:07:11
================================================================================
[2026-01-02T20:07:45.977+0900] {manager.py:893} INFO - 
================================================================================
DAG File Processing Stats

File Path                       PID    Runtime      # DAGs    # Errors  Last Runtime    Last Run
------------------------------  -----  ---------  --------  ----------  --------------  -------------------
/opt/airflow/dags/first_dag.py                           0           1  0.05s           2026-01-02T11:07:41
================================================================================
[2026-01-02T20:08:16.350+0900] {manager.py:893} INFO - 
================================================================================
DAG File Processing Stats

File Path                       PID    Runtime      # DAGs    # Errors  Last Runtime    Last Run
------------------------------  -----  ---------  --------  ----------  --------------  -------------------
/opt/airflow/dags/first_dag.py                           0           1  0.14s           2026-01-02T11:08:12
================================================================================
[2026-01-02T20:08:46.626+0900] {manager.py:893} INFO - 
================================================================================
DAG File Processing Stats

File Path                       PID    Runtime      # DAGs    # Errors  Last Runtime    Last Run
------------------------------  -----  ---------  --------  ----------  --------------  -------------------
/opt/airflow/dags/first_dag.py                           0           1  0.04s           2026-01-02T11:08:42
================================================================================
[2026-01-02T20:09:16.903+0900] {manager.py:893} INFO - 
================================================================================
DAG File Processing Stats

File Path                       PID    Runtime      # DAGs    # Errors  Last Runtime    Last Run
------------------------------  -----  ---------  --------  ----------  --------------  -------------------
/opt/airflow/dags/first_dag.py                           0           1  0.05s           2026-01-02T11:09:12
================================================================================
[2026-01-02T20:09:47.158+0900] {manager.py:893} INFO - 
================================================================================
DAG File Processing Stats

File Path                       PID    Runtime      # DAGs    # Errors  Last Runtime    Last Run
------------------------------  -----  ---------  --------  ----------  --------------  -------------------
/opt/airflow/dags/first_dag.py                           0           1  0.04s           2026-01-02T11:09:43
================================================================================
[2026-01-02T20:10:17.414+0900] {manager.py:893} INFO - 
================================================================================
DAG File Processing Stats

File Path                       PID    Runtime      # DAGs    # Errors  Last Runtime    Last Run
------------------------------  -----  ---------  --------  ----------  --------------  -------------------
/opt/airflow/dags/first_dag.py                           0           1  0.06s           2026-01-02T11:10:13
================================================================================
[2026-01-02T20:10:47.631+0900] {manager.py:893} INFO - 
================================================================================
DAG File Processing Stats

File Path                       PID    Runtime      # DAGs    # Errors  Last Runtime    Last Run
------------------------------  -----  ---------  --------  ----------  --------------  -------------------
/opt/airflow/dags/first_dag.py                           0           1  0.04s           2026-01-02T11:10:43
================================================================================
[2026-01-02T20:11:11.887+0900] {manager.py:759} INFO - Searching for files in /opt/airflow/dags
[2026-01-02T20:11:11.892+0900] {manager.py:762} INFO - There are 1 files in /opt/airflow/dags
[2026-01-02T20:11:17.951+0900] {manager.py:893} INFO - 
================================================================================
DAG File Processing Stats

File Path                       PID    Runtime      # DAGs    # Errors  Last Runtime    Last Run
------------------------------  -----  ---------  --------  ----------  --------------  -------------------
/opt/airflow/dags/first_dag.py                           1           0  0.06s           2026-01-02T11:10:59
================================================================================
[2026-01-02T20:11:48.242+0900] {manager.py:893} INFO - 
================================================================================
DAG File Processing Stats

File Path                       PID    Runtime      # DAGs    # Errors  Last Runtime    Last Run
------------------------------  -----  ---------  --------  ----------  --------------  -------------------
/opt/airflow/dags/first_dag.py                           1           0  0.08s           2026-01-02T11:11:30
================================================================================
[2026-01-02T20:12:18.518+0900] {manager.py:893} INFO - 
================================================================================
DAG File Processing Stats

File Path                       PID    Runtime      # DAGs    # Errors  Last Runtime    Last Run
------------------------------  -----  ---------  --------  ----------  --------------  -------------------
/opt/airflow/dags/first_dag.py                           1           0  0.08s           2026-01-02T11:12:00
================================================================================
[2026-01-02T20:12:48.851+0900] {manager.py:893} INFO - 
================================================================================
DAG File Processing Stats

File Path                       PID    Runtime      # DAGs    # Errors  Last Runtime    Last Run
------------------------------  -----  ---------  --------  ----------  --------------  -------------------
/opt/airflow/dags/first_dag.py                           1           0  0.12s           2026-01-02T11:12:34
================================================================================
[2026-01-02T20:13:19.148+0900] {manager.py:893} INFO - 
================================================================================
DAG File Processing Stats

File Path                       PID    Runtime      # DAGs    # Errors  Last Runtime    Last Run
------------------------------  -----  ---------  --------  ----------  --------------  -------------------
/opt/airflow/dags/first_dag.py                           1           0  0.14s           2026-01-02T11:13:05
================================================================================
[2026-01-02T20:13:49.445+0900] {manager.py:893} INFO - 
================================================================================
DAG File Processing Stats

File Path                       PID    Runtime      # DAGs    # Errors  Last Runtime    Last Run
------------------------------  -----  ---------  --------  ----------  --------------  -------------------
/opt/airflow/dags/first_dag.py                           1           0  0.07s           2026-01-02T11:13:35
================================================================================
[2026-01-02T20:14:19.732+0900] {manager.py:893} INFO - 
================================================================================
DAG File Processing Stats

File Path                       PID    Runtime      # DAGs    # Errors  Last Runtime    Last Run
------------------------------  -----  ---------  --------  ----------  --------------  -------------------
/opt/airflow/dags/first_dag.py                           1           0  0.09s           2026-01-02T11:14:05
================================================================================
[2026-01-02T20:14:50.044+0900] {manager.py:893} INFO - 
================================================================================
DAG File Processing Stats

File Path                       PID    Runtime      # DAGs    # Errors  Last Runtime    Last Run
------------------------------  -----  ---------  --------  ----------  --------------  -------------------
/opt/airflow/dags/first_dag.py                           1           0  0.08s           2026-01-02T11:14:35
================================================================================
[2026-01-02T20:15:20.334+0900] {manager.py:893} INFO - 
================================================================================
DAG File Processing Stats

File Path                       PID    Runtime      # DAGs    # Errors  Last Runtime    Last Run
------------------------------  -----  ---------  --------  ----------  --------------  -------------------
/opt/airflow/dags/first_dag.py                           1           0  0.08s           2026-01-02T11:15:06
================================================================================
[2026-01-02T20:15:50.617+0900] {manager.py:893} INFO - 
================================================================================
DAG File Processing Stats

File Path                       PID    Runtime      # DAGs    # Errors  Last Runtime    Last Run
------------------------------  -----  ---------  --------  ----------  --------------  -------------------
/opt/airflow/dags/first_dag.py                           1           0  0.08s           2026-01-02T11:15:36
================================================================================
[2026-01-02T20:16:12.836+0900] {manager.py:759} INFO - Searching for files in /opt/airflow/dags
[2026-01-02T20:16:12.846+0900] {manager.py:762} INFO - There are 1 files in /opt/airflow/dags
[2026-01-02T20:16:20.922+0900] {manager.py:893} INFO - 
================================================================================
DAG File Processing Stats

File Path                       PID    Runtime      # DAGs    # Errors  Last Runtime    Last Run
------------------------------  -----  ---------  --------  ----------  --------------  -------------------
/opt/airflow/dags/first_dag.py                           1           0  0.06s           2026-01-02T11:16:06
================================================================================
[2026-01-02T20:16:51.172+0900] {manager.py:893} INFO - 
================================================================================
DAG File Processing Stats

File Path                       PID    Runtime      # DAGs    # Errors  Last Runtime    Last Run
------------------------------  -----  ---------  --------  ----------  --------------  -------------------
/opt/airflow/dags/first_dag.py                           1           0  0.10s           2026-01-02T11:16:37
================================================================================
[2026-01-02T20:17:21.449+0900] {manager.py:893} INFO - 
================================================================================
DAG File Processing Stats

File Path                       PID    Runtime      # DAGs    # Errors  Last Runtime    Last Run
------------------------------  -----  ---------  --------  ----------  --------------  -------------------
/opt/airflow/dags/first_dag.py                           1           0  0.08s           2026-01-02T11:17:07
================================================================================
[2026-01-02T20:17:51.704+0900] {manager.py:893} INFO - 
================================================================================
DAG File Processing Stats

File Path                       PID    Runtime      # DAGs    # Errors  Last Runtime    Last Run
------------------------------  -----  ---------  --------  ----------  --------------  -------------------
/opt/airflow/dags/first_dag.py                           1           0  0.11s           2026-01-02T11:17:37
================================================================================
[2026-01-02T20:18:21.977+0900] {manager.py:893} INFO - 
================================================================================
DAG File Processing Stats

File Path                       PID    Runtime      # DAGs    # Errors  Last Runtime    Last Run
------------------------------  -----  ---------  --------  ----------  --------------  -------------------
/opt/airflow/dags/first_dag.py                           1           0  0.07s           2026-01-02T11:18:07
================================================================================
[2026-01-02T20:18:52.269+0900] {manager.py:893} INFO - 
================================================================================
DAG File Processing Stats

File Path                       PID    Runtime      # DAGs    # Errors  Last Runtime    Last Run
------------------------------  -----  ---------  --------  ----------  --------------  -------------------
/opt/airflow/dags/first_dag.py                           1           0  0.12s           2026-01-02T11:18:38
================================================================================
[2026-01-02T20:19:22.564+0900] {manager.py:893} INFO - 
================================================================================
DAG File Processing Stats

File Path                       PID    Runtime      # DAGs    # Errors  Last Runtime    Last Run
------------------------------  -----  ---------  --------  ----------  --------------  -------------------
/opt/airflow/dags/first_dag.py                           1           0  0.13s           2026-01-02T11:19:08
================================================================================
[2026-01-02T20:19:52.821+0900] {manager.py:893} INFO - 
================================================================================
DAG File Processing Stats

File Path                       PID    Runtime      # DAGs    # Errors  Last Runtime    Last Run
------------------------------  -----  ---------  --------  ----------  --------------  -------------------
/opt/airflow/dags/first_dag.py                           1           0  0.07s           2026-01-02T11:19:38
================================================================================
[2026-01-02T20:20:23.113+0900] {manager.py:893} INFO - 
================================================================================
DAG File Processing Stats

File Path                       PID    Runtime      # DAGs    # Errors  Last Runtime    Last Run
------------------------------  -----  ---------  --------  ----------  --------------  -------------------
/opt/airflow/dags/first_dag.py                           1           0  0.10s           2026-01-02T11:20:09
================================================================================
[2026-01-02T20:20:53.439+0900] {manager.py:893} INFO - 
================================================================================
DAG File Processing Stats

File Path                       PID    Runtime      # DAGs    # Errors  Last Runtime    Last Run
------------------------------  -----  ---------  --------  ----------  --------------  -------------------
/opt/airflow/dags/first_dag.py                           1           0  0.11s           2026-01-02T11:20:39
================================================================================
[2026-01-02T20:21:13.640+0900] {manager.py:759} INFO - Searching for files in /opt/airflow/dags
[2026-01-02T20:21:13.645+0900] {manager.py:762} INFO - There are 1 files in /opt/airflow/dags
[2026-01-02T20:21:23.734+0900] {manager.py:893} INFO - 
================================================================================
DAG File Processing Stats

File Path                       PID    Runtime      # DAGs    # Errors  Last Runtime    Last Run
------------------------------  -----  ---------  --------  ----------  --------------  -------------------
/opt/airflow/dags/first_dag.py                           1           0  0.07s           2026-01-02T11:21:09
================================================================================
[2026-01-02T20:21:54.029+0900] {manager.py:893} INFO - 
================================================================================
DAG File Processing Stats

File Path                       PID    Runtime      # DAGs    # Errors  Last Runtime    Last Run
------------------------------  -----  ---------  --------  ----------  --------------  -------------------
/opt/airflow/dags/first_dag.py                           1           0  0.09s           2026-01-02T11:21:39
================================================================================
[2026-01-02T20:22:24.330+0900] {manager.py:893} INFO - 
================================================================================
DAG File Processing Stats

File Path                       PID    Runtime      # DAGs    # Errors  Last Runtime    Last Run
------------------------------  -----  ---------  --------  ----------  --------------  -------------------
/opt/airflow/dags/first_dag.py                           1           0  0.10s           2026-01-02T11:22:10
================================================================================
[2026-01-02T20:22:54.615+0900] {manager.py:893} INFO - 
================================================================================
DAG File Processing Stats

File Path                       PID    Runtime      # DAGs    # Errors  Last Runtime    Last Run
------------------------------  -----  ---------  --------  ----------  --------------  -------------------
/opt/airflow/dags/first_dag.py                           1           0  0.09s           2026-01-02T11:22:40
================================================================================
[2026-01-02T20:23:24.889+0900] {manager.py:893} INFO - 
================================================================================
DAG File Processing Stats

File Path                       PID    Runtime      # DAGs    # Errors  Last Runtime    Last Run
------------------------------  -----  ---------  --------  ----------  --------------  -------------------
/opt/airflow/dags/first_dag.py                           1           0  0.10s           2026-01-02T11:23:10
================================================================================
[2026-01-02T20:23:55.200+0900] {manager.py:893} INFO - 
================================================================================
DAG File Processing Stats

File Path                       PID    Runtime      # DAGs    # Errors  Last Runtime    Last Run
------------------------------  -----  ---------  --------  ----------  --------------  -------------------
/opt/airflow/dags/first_dag.py                           1           0  0.07s           2026-01-02T11:23:41
================================================================================
[2026-01-02T20:24:25.473+0900] {manager.py:893} INFO - 
================================================================================
DAG File Processing Stats

File Path                       PID    Runtime      # DAGs    # Errors  Last Runtime    Last Run
------------------------------  -----  ---------  --------  ----------  --------------  -------------------
/opt/airflow/dags/first_dag.py                           1           0  0.10s           2026-01-02T11:24:11
================================================================================
[2026-01-02T20:24:55.749+0900] {manager.py:893} INFO - 
================================================================================
DAG File Processing Stats

File Path                       PID    Runtime      # DAGs    # Errors  Last Runtime    Last Run
------------------------------  -----  ---------  --------  ----------  --------------  -------------------
/opt/airflow/dags/first_dag.py                           1           0  0.08s           2026-01-02T11:24:41
================================================================================
[2026-01-02T20:25:26.029+0900] {manager.py:893} INFO - 
================================================================================
DAG File Processing Stats

File Path                       PID    Runtime      # DAGs    # Errors  Last Runtime    Last Run
------------------------------  -----  ---------  --------  ----------  --------------  -------------------
/opt/airflow/dags/first_dag.py                           1           0  0.08s           2026-01-02T11:25:11
================================================================================
